// Jest Snapshot v1, https://goo.gl/fbAQLP

exports[`renders correctly 1`] = `
ShallowWrapper {
  "length": 1,
  Symbol(enzyme.__root__): [Circular],
  Symbol(enzyme.__unrendered__): <SidebarMenu />,
  Symbol(enzyme.__renderer__): Object {
    "batchedUpdates": [Function],
    "getNode": [Function],
    "render": [Function],
    "simulateEvent": [Function],
    "unmount": [Function],
  },
  Symbol(enzyme.__node__): Object {
    "instance": null,
    "key": undefined,
    "nodeType": "host",
    "props": Object {
      "children": Array [
        <button
          className="artciles-menu-button"
          onClick={[Function]}
>
          <i
                    className="fa far fa-list-alt"
          />
</button>,
        Object {
          "$$typeof": Symbol(react.portal),
          "children": <Sidebar
            className="articles-sidebar"
            onHide={[Function]}
            position="right"
            visible={false}
>
            <div
                        className="articles-wrapper"
            >
                        <h2
                                    className="sidebar-title"
                        >
                                    What's new?
                        </h2>
                        <Article
                                    article={Object {}}
                                    index={0}
                        />
                        <Article
                                    article={Object {}}
                                    index={1}
                        />
                        <Article
                                    article={Object {}}
                                    index={2}
                        />
                        <Article
                                    article={Object {}}
                                    index={3}
                        />
            </div>
</Sidebar>,
          "containerInfo": <div />,
          "implementation": null,
          "key": null,
        },
      ],
      "className": "artciles-menu-wrapper",
    },
    "ref": null,
    "rendered": Array [
      Object {
        "instance": null,
        "key": undefined,
        "nodeType": "host",
        "props": Object {
          "children": <i
            className="fa far fa-list-alt"
/>,
          "className": "artciles-menu-button",
          "onClick": [Function],
        },
        "ref": null,
        "rendered": Object {
          "instance": null,
          "key": undefined,
          "nodeType": "host",
          "props": Object {
            "className": "fa far fa-list-alt",
          },
          "ref": null,
          "rendered": null,
          "type": "i",
        },
        "type": "button",
      },
      Object {
        "$$typeof": Symbol(react.portal),
        "children": <Sidebar
          className="articles-sidebar"
          onHide={[Function]}
          position="right"
          visible={false}
>
          <div
                    className="articles-wrapper"
          >
                    <h2
                              className="sidebar-title"
                    >
                              What's new?
                    </h2>
                    <Article
                              article={Object {}}
                              index={0}
                    />
                    <Article
                              article={Object {}}
                              index={1}
                    />
                    <Article
                              article={Object {}}
                              index={2}
                    />
                    <Article
                              article={Object {}}
                              index={3}
                    />
          </div>
</Sidebar>,
        "containerInfo": <div />,
        "implementation": null,
        "key": null,
      },
    ],
    "type": "div",
  },
  Symbol(enzyme.__nodes__): Array [
    Object {
      "instance": null,
      "key": undefined,
      "nodeType": "host",
      "props": Object {
        "children": Array [
          <button
            className="artciles-menu-button"
            onClick={[Function]}
>
            <i
                        className="fa far fa-list-alt"
            />
</button>,
          Object {
            "$$typeof": Symbol(react.portal),
            "children": <Sidebar
              className="articles-sidebar"
              onHide={[Function]}
              position="right"
              visible={false}
>
              <div
                            className="articles-wrapper"
              >
                            <h2
                                          className="sidebar-title"
                            >
                                          What's new?
                            </h2>
                            <Article
                                          article={Object {}}
                                          index={0}
                            />
                            <Article
                                          article={Object {}}
                                          index={1}
                            />
                            <Article
                                          article={Object {}}
                                          index={2}
                            />
                            <Article
                                          article={Object {}}
                                          index={3}
                            />
              </div>
</Sidebar>,
            "containerInfo": <div />,
            "implementation": null,
            "key": null,
          },
        ],
        "className": "artciles-menu-wrapper",
      },
      "ref": null,
      "rendered": Array [
        Object {
          "instance": null,
          "key": undefined,
          "nodeType": "host",
          "props": Object {
            "children": <i
              className="fa far fa-list-alt"
/>,
            "className": "artciles-menu-button",
            "onClick": [Function],
          },
          "ref": null,
          "rendered": Object {
            "instance": null,
            "key": undefined,
            "nodeType": "host",
            "props": Object {
              "className": "fa far fa-list-alt",
            },
            "ref": null,
            "rendered": null,
            "type": "i",
          },
          "type": "button",
        },
        Object {
          "$$typeof": Symbol(react.portal),
          "children": <Sidebar
            className="articles-sidebar"
            onHide={[Function]}
            position="right"
            visible={false}
>
            <div
                        className="articles-wrapper"
            >
                        <h2
                                    className="sidebar-title"
                        >
                                    What's new?
                        </h2>
                        <Article
                                    article={Object {}}
                                    index={0}
                        />
                        <Article
                                    article={Object {}}
                                    index={1}
                        />
                        <Article
                                    article={Object {}}
                                    index={2}
                        />
                        <Article
                                    article={Object {}}
                                    index={3}
                        />
            </div>
</Sidebar>,
          "containerInfo": <div />,
          "implementation": null,
          "key": null,
        },
      ],
      "type": "div",
    },
  ],
  Symbol(enzyme.__options__): Object {
    "adapter": ReactSixteenAdapter {
      "options": Object {
        "enableComponentDidUpdateOnSetState": true,
      },
    },
  },
}
`;
