// Jest Snapshot v1, https://goo.gl/fbAQLP

exports[`renders correctly 1`] = `
ShallowWrapper {
  "length": 1,
  Symbol(enzyme.__root__): [Circular],
  Symbol(enzyme.__unrendered__): <MultiSelect />,
  Symbol(enzyme.__renderer__): Object {
    "batchedUpdates": [Function],
    "getNode": [Function],
    "render": [Function],
    "simulateEvent": [Function],
    "unmount": [Function],
  },
  Symbol(enzyme.__node__): Object {
    "instance": null,
    "key": undefined,
    "nodeType": "host",
    "props": Object {
      "children": <MultiSelect
        appendTo={null}
        className="select"
        defaultLabel="Choose"
        disabled={false}
        filter={false}
        id={null}
        itemTemplate={null}
        key={null}
        onChange={null}
        optionLabel={null}
        options={null}
        scrollHeight="200px"
        style={null}
        value={null}
/>,
    },
    "ref": null,
    "rendered": Object {
      "instance": null,
      "key": undefined,
      "nodeType": "class",
      "props": Object {
        "appendTo": null,
        "className": "select",
        "defaultLabel": "Choose",
        "disabled": false,
        "filter": false,
        "id": null,
        "itemTemplate": null,
        "key": null,
        "onChange": null,
        "optionLabel": null,
        "options": null,
        "scrollHeight": "200px",
        "style": null,
        "value": null,
      },
      "ref": null,
      "rendered": null,
      "type": [Function],
    },
    "type": "div",
  },
  Symbol(enzyme.__nodes__): Array [
    Object {
      "instance": null,
      "key": undefined,
      "nodeType": "host",
      "props": Object {
        "children": <MultiSelect
          appendTo={null}
          className="select"
          defaultLabel="Choose"
          disabled={false}
          filter={false}
          id={null}
          itemTemplate={null}
          key={null}
          onChange={null}
          optionLabel={null}
          options={null}
          scrollHeight="200px"
          style={null}
          value={null}
/>,
      },
      "ref": null,
      "rendered": Object {
        "instance": null,
        "key": undefined,
        "nodeType": "class",
        "props": Object {
          "appendTo": null,
          "className": "select",
          "defaultLabel": "Choose",
          "disabled": false,
          "filter": false,
          "id": null,
          "itemTemplate": null,
          "key": null,
          "onChange": null,
          "optionLabel": null,
          "options": null,
          "scrollHeight": "200px",
          "style": null,
          "value": null,
        },
        "ref": null,
        "rendered": null,
        "type": [Function],
      },
      "type": "div",
    },
  ],
  Symbol(enzyme.__options__): Object {
    "adapter": ReactSixteenAdapter {
      "options": Object {
        "enableComponentDidUpdateOnSetState": true,
      },
    },
  },
}
`;
