// Jest Snapshot v1, https://goo.gl/fbAQLP

exports[`renders correctly 1`] = `
ShallowWrapper {
  "length": 1,
  Symbol(enzyme.__root__): [Circular],
  Symbol(enzyme.__unrendered__): <Post />,
  Symbol(enzyme.__renderer__): Object {
    "batchedUpdates": [Function],
    "getNode": [Function],
    "render": [Function],
    "simulateEvent": [Function],
    "unmount": [Function],
  },
  Symbol(enzyme.__node__): Object {
    "instance": null,
    "key": undefined,
    "nodeType": "host",
    "props": Object {
      "children": <Card
        className="content"
        footer={
                <Button
                        className="ui-button-secondary"
                        label="Read more"
                />
        }
        header={null}
        id={null}
        style={null}
        subtitle={null}
        title={null}
/>,
      "className": "post",
    },
    "ref": null,
    "rendered": Object {
      "instance": null,
      "key": undefined,
      "nodeType": "class",
      "props": Object {
        "children": undefined,
        "className": "content",
        "footer": <Button
          className="ui-button-secondary"
          label="Read more"
/>,
        "header": null,
        "id": null,
        "style": null,
        "subtitle": null,
        "title": null,
      },
      "ref": null,
      "rendered": null,
      "type": [Function],
    },
    "type": "div",
  },
  Symbol(enzyme.__nodes__): Array [
    Object {
      "instance": null,
      "key": undefined,
      "nodeType": "host",
      "props": Object {
        "children": <Card
          className="content"
          footer={
                    <Button
                              className="ui-button-secondary"
                              label="Read more"
                    />
          }
          header={null}
          id={null}
          style={null}
          subtitle={null}
          title={null}
/>,
        "className": "post",
      },
      "ref": null,
      "rendered": Object {
        "instance": null,
        "key": undefined,
        "nodeType": "class",
        "props": Object {
          "children": undefined,
          "className": "content",
          "footer": <Button
            className="ui-button-secondary"
            label="Read more"
/>,
          "header": null,
          "id": null,
          "style": null,
          "subtitle": null,
          "title": null,
        },
        "ref": null,
        "rendered": null,
        "type": [Function],
      },
      "type": "div",
    },
  ],
  Symbol(enzyme.__options__): Object {
    "adapter": ReactSixteenAdapter {
      "options": Object {
        "enableComponentDidUpdateOnSetState": true,
      },
    },
  },
}
`;
