// Jest Snapshot v1, https://goo.gl/fbAQLP

exports[`renders correctly 1`] = `
ShallowWrapper {
  "length": 1,
  Symbol(enzyme.__root__): [Circular],
  Symbol(enzyme.__unrendered__): <Sidebar />,
  Symbol(enzyme.__renderer__): Object {
    "batchedUpdates": [Function],
    "getNode": [Function],
    "render": [Function],
    "simulateEvent": [Function],
    "unmount": [Function],
  },
  Symbol(enzyme.__node__): Object {
    "instance": null,
    "key": undefined,
    "nodeType": "class",
    "props": Object {
      "baseZIndex": 0,
      "blockScroll": false,
      "children": undefined,
      "className": "right-sidebar-menu",
      "fullScreen": false,
      "id": null,
      "onHide": null,
      "onShow": null,
      "position": "left",
      "style": null,
      "visible": false,
    },
    "ref": null,
    "rendered": null,
    "type": [Function],
  },
  Symbol(enzyme.__nodes__): Array [
    Object {
      "instance": null,
      "key": undefined,
      "nodeType": "class",
      "props": Object {
        "baseZIndex": 0,
        "blockScroll": false,
        "children": undefined,
        "className": "right-sidebar-menu",
        "fullScreen": false,
        "id": null,
        "onHide": null,
        "onShow": null,
        "position": "left",
        "style": null,
        "visible": false,
      },
      "ref": null,
      "rendered": null,
      "type": [Function],
    },
  ],
  Symbol(enzyme.__options__): Object {
    "adapter": ReactSixteenAdapter {
      "options": Object {
        "enableComponentDidUpdateOnSetState": true,
      },
    },
  },
}
`;
