// Jest Snapshot v1, https://goo.gl/fbAQLP

exports[`renders correctly 1`] = `
ShallowWrapper {
  "length": 1,
  Symbol(enzyme.__root__): [Circular],
  Symbol(enzyme.__unrendered__): <FileUpload />,
  Symbol(enzyme.__renderer__): Object {
    "batchedUpdates": [Function],
    "getNode": [Function],
    "render": [Function],
    "simulateEvent": [Function],
    "unmount": [Function],
  },
  Symbol(enzyme.__node__): Object {
    "instance": null,
    "key": undefined,
    "nodeType": "class",
    "props": Object {
      "accept": null,
      "auto": false,
      "cancelLabel": "Cancel",
      "chooseLabel": "Choose",
      "className": null,
      "disabled": false,
      "id": null,
      "invalidFileSizeMessageDetail": "maximum upload size is {0}.",
      "invalidFileSizeMessageSummary": "{0}: Invalid file size, ",
      "maxFileSize": null,
      "mode": "advanced",
      "multiple": false,
      "name": null,
      "onBeforeSend": null,
      "onBeforeUpload": null,
      "onClear": null,
      "onError": null,
      "onProgress": null,
      "onSelect": null,
      "onUpload": null,
      "previewWidth": 50,
      "style": null,
      "uploadLabel": "Upload",
      "url": null,
      "widthCredentials": false,
    },
    "ref": null,
    "rendered": null,
    "type": [Function],
  },
  Symbol(enzyme.__nodes__): Array [
    Object {
      "instance": null,
      "key": undefined,
      "nodeType": "class",
      "props": Object {
        "accept": null,
        "auto": false,
        "cancelLabel": "Cancel",
        "chooseLabel": "Choose",
        "className": null,
        "disabled": false,
        "id": null,
        "invalidFileSizeMessageDetail": "maximum upload size is {0}.",
        "invalidFileSizeMessageSummary": "{0}: Invalid file size, ",
        "maxFileSize": null,
        "mode": "advanced",
        "multiple": false,
        "name": null,
        "onBeforeSend": null,
        "onBeforeUpload": null,
        "onClear": null,
        "onError": null,
        "onProgress": null,
        "onSelect": null,
        "onUpload": null,
        "previewWidth": 50,
        "style": null,
        "uploadLabel": "Upload",
        "url": null,
        "widthCredentials": false,
      },
      "ref": null,
      "rendered": null,
      "type": [Function],
    },
  ],
  Symbol(enzyme.__options__): Object {
    "adapter": ReactSixteenAdapter {
      "options": Object {
        "enableComponentDidUpdateOnSetState": true,
      },
    },
  },
}
`;
