// Jest Snapshot v1, https://goo.gl/fbAQLP

exports[`renders correctly 1`] = `
ShallowWrapper {
  "length": 1,
  Symbol(enzyme.__root__): [Circular],
  Symbol(enzyme.__unrendered__): <Calendar />,
  Symbol(enzyme.__renderer__): Object {
    "batchedUpdates": [Function],
    "getNode": [Function],
    "render": [Function],
    "simulateEvent": [Function],
    "unmount": [Function],
  },
  Symbol(enzyme.__node__): Object {
    "instance": null,
    "key": undefined,
    "nodeType": "host",
    "props": Object {
      "children": <Calendar
        appendTo={null}
        className="ui-datepicker-trigger"
        clearButtonClassName="ui-button-secondary"
        dataType="date"
        dateFormat="mm/dd/yy"
        defaultDate={null}
        disabled={false}
        disabledDates={null}
        disabledDays={null}
        hourFormat="24"
        icon="fa-calendar"
        id={null}
        inline={false}
        inputClassName={null}
        inputStyle={null}
        locale={
                Object {
                        "clear": "Clear",
                        "dayNames": Array [
                          "Sunday",
                          "Monday",
                          "Tuesday",
                          "Wednesday",
                          "Thursday",
                          "Friday",
                          "Saturday",
                        ],
                        "dayNamesMin": Array [
                          "Su",
                          "Mo",
                          "Tu",
                          "We",
                          "Th",
                          "Fr",
                          "Sa",
                        ],
                        "dayNamesShort": Array [
                          "Sun",
                          "Mon",
                          "Tue",
                          "Wed",
                          "Thu",
                          "Fri",
                          "Sat",
                        ],
                        "firstDayOfWeek": 0,
                        "monthNames": Array [
                          "January",
                          "February",
                          "March",
                          "April",
                          "May",
                          "June",
                          "July",
                          "August",
                          "September",
                          "October",
                          "November",
                          "December",
                        ],
                        "monthNamesShort": Array [
                          "Jan",
                          "Feb",
                          "Mar",
                          "Apr",
                          "May",
                          "Jun",
                          "Jul",
                          "Aug",
                          "Sep",
                          "Oct",
                          "Nov",
                          "Dec",
                        ],
                        "today": "Today",
                      }
        }
        maxDate={null}
        maxDateCount={null}
        minDate={null}
        monthNavigator={false}
        onBlur={null}
        onChange={null}
        onClearButtonClick={null}
        onContextMenu={null}
        onFocus={null}
        onKeyPress={null}
        onKeyUp={null}
        onMouseDown={null}
        onSelect={null}
        onTodayButtonClick={null}
        placeholder={null}
        readOnlyInput={false}
        required={false}
        selectOtherMonths={false}
        selectionMode="single"
        shortYearCutoff="+10"
        showButtonBar={false}
        showIcon={true}
        showOnFocus={true}
        showOtherMonths={true}
        showSeconds={false}
        showTime={false}
        stepHour={1}
        stepMinute={1}
        stepSecond={1}
        style={null}
        tabindex={null}
        timeOnly={false}
        todayButtonClassName="ui-button-secondary"
        utc={false}
        value={null}
        yearNavigator={false}
        yearRange={null}
/>,
      "className": "calendar",
    },
    "ref": null,
    "rendered": Object {
      "instance": null,
      "key": undefined,
      "nodeType": "class",
      "props": Object {
        "appendTo": null,
        "className": "ui-datepicker-trigger",
        "clearButtonClassName": "ui-button-secondary",
        "dataType": "date",
        "dateFormat": "mm/dd/yy",
        "defaultDate": null,
        "disabled": false,
        "disabledDates": null,
        "disabledDays": null,
        "hourFormat": "24",
        "icon": "fa-calendar",
        "id": null,
        "inline": false,
        "inputClassName": null,
        "inputStyle": null,
        "locale": Object {
          "clear": "Clear",
          "dayNames": Array [
            "Sunday",
            "Monday",
            "Tuesday",
            "Wednesday",
            "Thursday",
            "Friday",
            "Saturday",
          ],
          "dayNamesMin": Array [
            "Su",
            "Mo",
            "Tu",
            "We",
            "Th",
            "Fr",
            "Sa",
          ],
          "dayNamesShort": Array [
            "Sun",
            "Mon",
            "Tue",
            "Wed",
            "Thu",
            "Fri",
            "Sat",
          ],
          "firstDayOfWeek": 0,
          "monthNames": Array [
            "January",
            "February",
            "March",
            "April",
            "May",
            "June",
            "July",
            "August",
            "September",
            "October",
            "November",
            "December",
          ],
          "monthNamesShort": Array [
            "Jan",
            "Feb",
            "Mar",
            "Apr",
            "May",
            "Jun",
            "Jul",
            "Aug",
            "Sep",
            "Oct",
            "Nov",
            "Dec",
          ],
          "today": "Today",
        },
        "maxDate": null,
        "maxDateCount": null,
        "minDate": null,
        "monthNavigator": false,
        "onBlur": null,
        "onChange": null,
        "onClearButtonClick": null,
        "onContextMenu": null,
        "onFocus": null,
        "onKeyPress": null,
        "onKeyUp": null,
        "onMouseDown": null,
        "onSelect": null,
        "onTodayButtonClick": null,
        "placeholder": null,
        "readOnlyInput": false,
        "required": false,
        "selectOtherMonths": false,
        "selectionMode": "single",
        "shortYearCutoff": "+10",
        "showButtonBar": false,
        "showIcon": true,
        "showOnFocus": true,
        "showOtherMonths": true,
        "showSeconds": false,
        "showTime": false,
        "stepHour": 1,
        "stepMinute": 1,
        "stepSecond": 1,
        "style": null,
        "tabindex": null,
        "timeOnly": false,
        "todayButtonClassName": "ui-button-secondary",
        "utc": false,
        "value": null,
        "yearNavigator": false,
        "yearRange": null,
      },
      "ref": null,
      "rendered": null,
      "type": [Function],
    },
    "type": "div",
  },
  Symbol(enzyme.__nodes__): Array [
    Object {
      "instance": null,
      "key": undefined,
      "nodeType": "host",
      "props": Object {
        "children": <Calendar
          appendTo={null}
          className="ui-datepicker-trigger"
          clearButtonClassName="ui-button-secondary"
          dataType="date"
          dateFormat="mm/dd/yy"
          defaultDate={null}
          disabled={false}
          disabledDates={null}
          disabledDays={null}
          hourFormat="24"
          icon="fa-calendar"
          id={null}
          inline={false}
          inputClassName={null}
          inputStyle={null}
          locale={
                    Object {
                              "clear": "Clear",
                              "dayNames": Array [
                                "Sunday",
                                "Monday",
                                "Tuesday",
                                "Wednesday",
                                "Thursday",
                                "Friday",
                                "Saturday",
                              ],
                              "dayNamesMin": Array [
                                "Su",
                                "Mo",
                                "Tu",
                                "We",
                                "Th",
                                "Fr",
                                "Sa",
                              ],
                              "dayNamesShort": Array [
                                "Sun",
                                "Mon",
                                "Tue",
                                "Wed",
                                "Thu",
                                "Fri",
                                "Sat",
                              ],
                              "firstDayOfWeek": 0,
                              "monthNames": Array [
                                "January",
                                "February",
                                "March",
                                "April",
                                "May",
                                "June",
                                "July",
                                "August",
                                "September",
                                "October",
                                "November",
                                "December",
                              ],
                              "monthNamesShort": Array [
                                "Jan",
                                "Feb",
                                "Mar",
                                "Apr",
                                "May",
                                "Jun",
                                "Jul",
                                "Aug",
                                "Sep",
                                "Oct",
                                "Nov",
                                "Dec",
                              ],
                              "today": "Today",
                            }
          }
          maxDate={null}
          maxDateCount={null}
          minDate={null}
          monthNavigator={false}
          onBlur={null}
          onChange={null}
          onClearButtonClick={null}
          onContextMenu={null}
          onFocus={null}
          onKeyPress={null}
          onKeyUp={null}
          onMouseDown={null}
          onSelect={null}
          onTodayButtonClick={null}
          placeholder={null}
          readOnlyInput={false}
          required={false}
          selectOtherMonths={false}
          selectionMode="single"
          shortYearCutoff="+10"
          showButtonBar={false}
          showIcon={true}
          showOnFocus={true}
          showOtherMonths={true}
          showSeconds={false}
          showTime={false}
          stepHour={1}
          stepMinute={1}
          stepSecond={1}
          style={null}
          tabindex={null}
          timeOnly={false}
          todayButtonClassName="ui-button-secondary"
          utc={false}
          value={null}
          yearNavigator={false}
          yearRange={null}
/>,
        "className": "calendar",
      },
      "ref": null,
      "rendered": Object {
        "instance": null,
        "key": undefined,
        "nodeType": "class",
        "props": Object {
          "appendTo": null,
          "className": "ui-datepicker-trigger",
          "clearButtonClassName": "ui-button-secondary",
          "dataType": "date",
          "dateFormat": "mm/dd/yy",
          "defaultDate": null,
          "disabled": false,
          "disabledDates": null,
          "disabledDays": null,
          "hourFormat": "24",
          "icon": "fa-calendar",
          "id": null,
          "inline": false,
          "inputClassName": null,
          "inputStyle": null,
          "locale": Object {
            "clear": "Clear",
            "dayNames": Array [
              "Sunday",
              "Monday",
              "Tuesday",
              "Wednesday",
              "Thursday",
              "Friday",
              "Saturday",
            ],
            "dayNamesMin": Array [
              "Su",
              "Mo",
              "Tu",
              "We",
              "Th",
              "Fr",
              "Sa",
            ],
            "dayNamesShort": Array [
              "Sun",
              "Mon",
              "Tue",
              "Wed",
              "Thu",
              "Fri",
              "Sat",
            ],
            "firstDayOfWeek": 0,
            "monthNames": Array [
              "January",
              "February",
              "March",
              "April",
              "May",
              "June",
              "July",
              "August",
              "September",
              "October",
              "November",
              "December",
            ],
            "monthNamesShort": Array [
              "Jan",
              "Feb",
              "Mar",
              "Apr",
              "May",
              "Jun",
              "Jul",
              "Aug",
              "Sep",
              "Oct",
              "Nov",
              "Dec",
            ],
            "today": "Today",
          },
          "maxDate": null,
          "maxDateCount": null,
          "minDate": null,
          "monthNavigator": false,
          "onBlur": null,
          "onChange": null,
          "onClearButtonClick": null,
          "onContextMenu": null,
          "onFocus": null,
          "onKeyPress": null,
          "onKeyUp": null,
          "onMouseDown": null,
          "onSelect": null,
          "onTodayButtonClick": null,
          "placeholder": null,
          "readOnlyInput": false,
          "required": false,
          "selectOtherMonths": false,
          "selectionMode": "single",
          "shortYearCutoff": "+10",
          "showButtonBar": false,
          "showIcon": true,
          "showOnFocus": true,
          "showOtherMonths": true,
          "showSeconds": false,
          "showTime": false,
          "stepHour": 1,
          "stepMinute": 1,
          "stepSecond": 1,
          "style": null,
          "tabindex": null,
          "timeOnly": false,
          "todayButtonClassName": "ui-button-secondary",
          "utc": false,
          "value": null,
          "yearNavigator": false,
          "yearRange": null,
        },
        "ref": null,
        "rendered": null,
        "type": [Function],
      },
      "type": "div",
    },
  ],
  Symbol(enzyme.__options__): Object {
    "adapter": ReactSixteenAdapter {
      "options": Object {
        "enableComponentDidUpdateOnSetState": true,
      },
    },
  },
}
`;
