// Jest Snapshot v1, https://goo.gl/fbAQLP

exports[`renders correctly 1`] = `
ShallowWrapper {
  "length": 1,
  Symbol(enzyme.__root__): [Circular],
  Symbol(enzyme.__unrendered__): <Input />,
  Symbol(enzyme.__renderer__): Object {
    "batchedUpdates": [Function],
    "getNode": [Function],
    "render": [Function],
    "simulateEvent": [Function],
    "unmount": [Function],
  },
  Symbol(enzyme.__node__): Object {
    "instance": null,
    "key": undefined,
    "nodeType": "host",
    "props": Object {
      "children": Array [
        <InputText
          className={
                    Array [
                              "input",
                              "",
                            ]
          }
          keyfilter={null}
          onInput={null}
          onKeyPress={null}
          validateOnly={false}
/>,
        undefined,
      ],
      "className": "input-wrapper",
    },
    "ref": null,
    "rendered": Array [
      Object {
        "instance": null,
        "key": undefined,
        "nodeType": "class",
        "props": Object {
          "className": Array [
            "input",
            "",
          ],
          "keyfilter": null,
          "onInput": null,
          "onKeyPress": null,
          "validateOnly": false,
        },
        "ref": null,
        "rendered": null,
        "type": [Function],
      },
      undefined,
    ],
    "type": "div",
  },
  Symbol(enzyme.__nodes__): Array [
    Object {
      "instance": null,
      "key": undefined,
      "nodeType": "host",
      "props": Object {
        "children": Array [
          <InputText
            className={
                        Array [
                                    "input",
                                    "",
                                  ]
            }
            keyfilter={null}
            onInput={null}
            onKeyPress={null}
            validateOnly={false}
/>,
          undefined,
        ],
        "className": "input-wrapper",
      },
      "ref": null,
      "rendered": Array [
        Object {
          "instance": null,
          "key": undefined,
          "nodeType": "class",
          "props": Object {
            "className": Array [
              "input",
              "",
            ],
            "keyfilter": null,
            "onInput": null,
            "onKeyPress": null,
            "validateOnly": false,
          },
          "ref": null,
          "rendered": null,
          "type": [Function],
        },
        undefined,
      ],
      "type": "div",
    },
  ],
  Symbol(enzyme.__options__): Object {
    "adapter": ReactSixteenAdapter {
      "options": Object {
        "enableComponentDidUpdateOnSetState": true,
      },
    },
  },
}
`;
